[25/Aug/2026 20:03:39] "GET /projects/ HTTP/1.1" 200 3445
[25/Aug/2026 20:03:39] "GET / HTTP/1.1" 200 6125
[25/Aug/2026 20:03:53] "GET / HTTP/1.1" 200 6125
[25/Aug/2026 20:03:53] "GET /static/assets/icons/neovim.svg HTTP/1.1" 200 2236
[25/Aug/2026 20:03:53] "GET /static/js/main.js HTTP/1.1" 200 3180
[25/Aug/2026 20:03:53] "GET /static/assets/icons/sublime-text.svg HTTP/1.1" 200 535
[25/Aug/2026 20:03:53] "GET /static/assets/icons/csharp.svg HTTP/1.1" 200 851
[25/Aug/2026 20:03:53] "GET /static/assets/icons/poland-flag.png HTTP/1.1" 200 11974
[25/Aug/2026 20:03:53] "GET /static/assets/icons/filezilla.svg HTTP/1.1" 200 3045
[25/Aug/2026 20:03:53] "GET /static/assets/icons/vscode.svg HTTP/1.1" 200 3404
[25/Aug/2026 20:03:53] "GET /static/assets/icons/visual-studio.svg HTTP/1.1" 200 9029
[25/Aug/2026 20:03:53] "GET /static/css/style.css HTTP/1.1" 200 13186
[25/Aug/2026 20:03:53] "GET /static/assets/icons/discord.svg HTTP/1.1" 200 1374
[25/Aug/2026 20:03:53] "GET /static/assets/icons/spotify.svg HTTP/1.1" 200 697
[25/Aug/2026 20:03:53] "GET /static/assets/icons/telegram.svg HTTP/1.1" 200 719
[25/Aug/2026 20:03:53] "GET /static/assets/icons/instagram.svg HTTP/1.1" 200 7416
[25/Aug/2026 20:03:53] "GET /static/assets/icons/git-cmd.svg HTTP/1.1" 200 702
[25/Aug/2026 20:03:53] "GET /static/assets/icons/python.svg HTTP/1.1" 200 2300
[25/Aug/2026 20:03:53] "GET /static/assets/icons/github.svg HTTP/1.1" 200 822
[25/Aug/2026 20:03:53] "GET /static/assets/icons/tiktok.svg HTTP/1.1" 200 707
[25/Aug/2026 20:03:53] "GET /static/assets/icons/verified-badge.svg HTTP/1.1" 200 915
[25/Aug/2026 20:03:53] "GET /static/assets/fonts/JetBrainsMono-Regular.woff2 HTTP/1.1" 200 92380
[25/Aug/2026 20:03:53] "GET /static/assets/fonts/JetBrainsMono-Bold.woff2 HTTP/1.1" 200 94628
Not Found: /favicon.ico
[25/Aug/2026 20:03:53] "GET /favicon.ico HTTP/1.1" 404 2553
[25/Aug/2026 20:03:54] "GET /projects/ HTTP/1.1" 200 3445
[25/Aug/2026 20:03:54] "GET /static/assets/icons/cpp.svg HTTP/1.1" 200 1143
[25/Aug/2026 20:03:54] "GET /static/assets/icons/keyvora-logo.png HTTP/1.1" 200 11992
[25/Aug/2026 20:03:54] "GET /static/assets/icons/html5.svg HTTP/1.1" 200 607
[25/Aug/2026 20:03:54] "GET /static/assets/icons/css3.svg HTTP/1.1" 200 778
[25/Aug/2026 20:03:54] "GET /static/assets/icons/javascript.svg HTTP/1.1" 200 1144
[25/Aug/2026 20:03:54] "GET / HTTP/1.1" 200 6125
[25/Aug/2026 20:03:54] "GET /static/css/style.css HTTP/1.1" 200 13186
[25/Aug/2026 20:03:54] "GET /static/assets/icons/poland-flag.png HTTP/1.1" 200 11974
[25/Aug/2026 20:03:54] "GET /static/assets/icons/vscode.svg HTTP/1.1" 200 3404
[25/Aug/2026 20:03:54] "GET /static/assets/icons/neovim.svg HTTP/1.1" 200 2236
[25/Aug/2026 20:03:54] "GET /static/assets/icons/visual-studio.svg HTTP/1.1" 200 9029
[25/Aug/2026 20:03:54] "GET /static/assets/icons/filezilla.svg HTTP/1.1" 200 3045
[25/Aug/2026 20:03:54] "GET /static/assets/icons/sublime-text.svg HTTP/1.1" 200 535
[25/Aug/2026 20:03:54] "GET /static/js/main.js HTTP/1.1" 200 3180
[25/Aug/2026 20:03:54] "GET /static/assets/icons/csharp.svg HTTP/1.1" 200 851
[25/Aug/2026 20:03:54] "GET /static/assets/icons/git-cmd.svg HTTP/1.1" 200 702
[25/Aug/2026 20:03:54] "GET /static/assets/icons/instagram.svg HTTP/1.1" 200 7416
[25/Aug/2026 20:03:54] "GET /static/assets/icons/python.svg HTTP/1.1" 200 2300
[25/Aug/2026 20:03:54] "GET /static/assets/icons/verified-badge.svg HTTP/1.1" 200 915
[25/Aug/2026 20:03:54] "GET /static/assets/icons/tiktok.svg HTTP/1.1" 200 707
[25/Aug/2026 20:03:54] "GET /static/assets/icons/github.svg HTTP/1.1" 200 822
[25/Aug/2026 20:03:54] "GET /static/assets/icons/spotify.svg HTTP/1.1" 200 697
[25/Aug/2026 20:03:54] "GET /static/assets/icons/telegram.svg HTTP/1.1" 200 719
[25/Aug/2026 20:03:54] "GET /static/assets/icons/discord.svg HTTP/1.1" 200 1374
[25/Aug/2026 20:03:54] "GET /static/assets/fonts/JetBrainsMono-Regular.woff2 HTTP/1.1" 200 92380
[25/Aug/2026 20:03:54] "GET /static/assets/fonts/JetBrainsMono-Bold.woff2 HTTP/1.1" 200 94628
[25/Aug/2026 20:04:41] "GET /projects/ HTTP/1.1" 200 3445
[25/Aug/2026 20:04:41] "GET /static/assets/icons/keyvora-logo.png HTTP/1.1" 200 11992
[25/Aug/2026 20:04:41] "GET /static/assets/icons/cpp.svg HTTP/1.1" 200 1143
[25/Aug/2026 20:04:41] "GET /static/assets/icons/python.svg HTTP/1.1" 200 2300
[25/Aug/2026 20:04:41] "GET /static/assets/icons/html5.svg HTTP/1.1" 200 607
[25/Aug/2026 20:04:41] "GET /static/js/main.js HTTP/1.1" 200 3180
[25/Aug/2026 20:04:41] "GET /static/assets/icons/css3.svg HTTP/1.1" 200 778
[25/Aug/2026 20:04:41] "GET /static/assets/icons/javascript.svg HTTP/1.1" 200 1144
[25/Aug/2026 20:04:41] "GET /static/css/style.css HTTP/1.1" 200 13186
[25/Aug/2026 20:04:41] "GET /static/assets/fonts/JetBrainsMono-Regular.woff2 HTTP/1.1" 200 92380
[25/Aug/2026 20:04:41] "GET /static/assets/fonts/JetBrainsMono-Bold.woff2 HTTP/1.1" 200 94628
Not Found: /favicon.ico
[25/Aug/2026 20:04:41] "GET /favicon.ico HTTP/1.1" 404 2553
